-- Install configuration: ""
-- Execute custom install script
-- Up-to-date symlink: /movit_ws/install/panda_description/share/panda_description/urdf/Franka.urdf
-- Up-to-date symlink: /movit_ws/install/panda_description/share/panda_description/meshes/Franka_panda_hand_geometry_panda_hand.mtl
-- Up-to-date symlink: /movit_ws/install/panda_description/share/panda_description/meshes/Franka_panda_hand_geometry_panda_hand.obj
-- Up-to-date symlink: /movit_ws/install/panda_description/share/panda_description/meshes/Franka_panda_leftfinger_geometry_panda_leftfinger.mtl
-- Up-to-date symlink: /movit_ws/install/panda_description/share/panda_description/meshes/Franka_panda_leftfinger_geometry_panda_leftfinger.obj
-- Up-to-date symlink: /movit_ws/install/panda_description/share/panda_description/meshes/Franka_panda_link0_geometry_panda_link0.mtl
-- Up-to-date symlink: /movit_ws/install/panda_description/share/panda_description/meshes/Franka_panda_link0_geometry_panda_link0.obj
-- Up-to-date symlink: /movit_ws/install/panda_description/share/panda_description/meshes/Franka_panda_link1_geometry_panda_link1.mtl
-- Up-to-date symlink: /movit_ws/install/panda_description/share/panda_description/meshes/Franka_panda_link1_geometry_panda_link1.obj
-- Up-to-date symlink: /movit_ws/install/panda_description/share/panda_description/meshes/Franka_panda_link2_geometry_panda_link2.mtl
-- Up-to-date symlink: /movit_ws/install/panda_description/share/panda_description/meshes/Franka_panda_link2_geometry_panda_link2.obj
-- Up-to-date symlink: /movit_ws/install/panda_description/share/panda_description/meshes/Franka_panda_link3_geometry_panda_link3.mtl
-- Up-to-date symlink: /movit_ws/install/panda_description/share/panda_description/meshes/Franka_panda_link3_geometry_panda_link3.obj
-- Up-to-date symlink: /movit_ws/install/panda_description/share/panda_description/meshes/Franka_panda_link4_geometry_panda_link4.mtl
-- Up-to-date symlink: /movit_ws/install/panda_description/share/panda_description/meshes/Franka_panda_link4_geometry_panda_link4.obj
-- Up-to-date symlink: /movit_ws/install/panda_description/share/panda_description/meshes/Franka_panda_link5_geometry_panda_link5.mtl
-- Up-to-date symlink: /movit_ws/install/panda_description/share/panda_description/meshes/Franka_panda_link5_geometry_panda_link5.obj
-- Up-to-date symlink: /movit_ws/install/panda_description/share/panda_description/meshes/Franka_panda_link6_geometry_panda_link6.mtl
-- Up-to-date symlink: /movit_ws/install/panda_description/share/panda_description/meshes/Franka_panda_link6_geometry_panda_link6.obj
-- Up-to-date symlink: /movit_ws/install/panda_description/share/panda_description/meshes/Franka_panda_link7_geometry_panda_link7.mtl
-- Up-to-date symlink: /movit_ws/install/panda_description/share/panda_description/meshes/Franka_panda_link7_geometry_panda_link7.obj
-- Up-to-date symlink: /movit_ws/install/panda_description/share/panda_description/meshes/Franka_panda_rightfinger_geometry_panda_rightfinger.mtl
-- Up-to-date symlink: /movit_ws/install/panda_description/share/panda_description/meshes/Franka_panda_rightfinger_geometry_panda_rightfinger.obj
-- Up-to-date symlink: /movit_ws/install/panda_description/share/panda_description/meshes/Orbbec_Gemini2_back_cover_back_cover.mtl
-- Up-to-date symlink: /movit_ws/install/panda_description/share/panda_description/meshes/Orbbec_Gemini2_back_cover_back_cover.obj
-- Up-to-date symlink: /movit_ws/install/panda_description/share/panda_description/meshes/Orbbec_Gemini2_camera_ldm_camera_ldm.mtl
-- Up-to-date symlink: /movit_ws/install/panda_description/share/panda_description/meshes/Orbbec_Gemini2_camera_ldm_camera_ldm.obj
-- Up-to-date symlink: /movit_ws/install/panda_description/share/panda_description/meshes/Orbbec_Gemini2_camera_rgb_camera_rgb.mtl
-- Up-to-date symlink: /movit_ws/install/panda_description/share/panda_description/meshes/Orbbec_Gemini2_camera_rgb_camera_rgb.obj
-- Up-to-date symlink: /movit_ws/install/panda_description/share/panda_description/meshes/Orbbec_Gemini2_gemini2_body_gemini2_body.mtl
-- Up-to-date symlink: /movit_ws/install/panda_description/share/panda_description/meshes/Orbbec_Gemini2_gemini2_body_gemini2_body.obj
-- Up-to-date symlink: /movit_ws/install/panda_description/share/panda_description/meshes/camera_left.mtl
-- Up-to-date symlink: /movit_ws/install/panda_description/share/panda_description/meshes/camera_left.obj
-- Up-to-date symlink: /movit_ws/install/panda_description/share/panda_description/meshes/camera_right.mtl
-- Up-to-date symlink: /movit_ws/install/panda_description/share/panda_description/meshes/camera_right.obj
-- Up-to-date symlink: /movit_ws/install/panda_description/share/panda_description/meshes/foot_left.mtl
-- Up-to-date symlink: /movit_ws/install/panda_description/share/panda_description/meshes/foot_left.obj
-- Up-to-date symlink: /movit_ws/install/panda_description/share/panda_description/meshes/foot_right.mtl
-- Up-to-date symlink: /movit_ws/install/panda_description/share/panda_description/meshes/foot_right.obj
-- Up-to-date symlink: /movit_ws/install/panda_description/share/panda_description/meshes/front_cover_solid_solid.mtl
-- Up-to-date symlink: /movit_ws/install/panda_description/share/panda_description/meshes/front_cover_solid_solid.obj
-- Up-to-date symlink: /movit_ws/install/panda_description/share/ament_index/resource_index/package_run_dependencies/panda_description
-- Up-to-date symlink: /movit_ws/install/panda_description/share/ament_index/resource_index/parent_prefix_path/panda_description
-- Up-to-date symlink: /movit_ws/install/panda_description/share/panda_description/environment/ament_prefix_path.sh
-- Up-to-date symlink: /movit_ws/install/panda_description/share/panda_description/environment/ament_prefix_path.dsv
-- Up-to-date symlink: /movit_ws/install/panda_description/share/panda_description/environment/path.sh
-- Up-to-date symlink: /movit_ws/install/panda_description/share/panda_description/environment/path.dsv
-- Up-to-date symlink: /movit_ws/install/panda_description/share/panda_description/local_setup.bash
-- Up-to-date symlink: /movit_ws/install/panda_description/share/panda_description/local_setup.sh
-- Up-to-date symlink: /movit_ws/install/panda_description/share/panda_description/local_setup.zsh
-- Up-to-date symlink: /movit_ws/install/panda_description/share/panda_description/local_setup.dsv
-- Symlinking: /movit_ws/install/panda_description/share/panda_description/package.dsv
-- Up-to-date symlink: /movit_ws/install/panda_description/share/ament_index/resource_index/packages/panda_description
-- Up-to-date symlink: /movit_ws/install/panda_description/share/panda_description/cmake/panda_descriptionConfig.cmake
-- Up-to-date symlink: /movit_ws/install/panda_description/share/panda_description/cmake/panda_descriptionConfig-version.cmake
-- Up-to-date symlink: /movit_ws/install/panda_description/share/panda_description/package.xml
