[0.016s] Invoking command in '/movit_ws/build/panda_moveit_config': CMAKE_PREFIX_PATH=${CMAKE_PREFIX_PATH}:/root/ws_moveit/install/moveit_configs_utils:/opt/ros/humble /usr/bin/cmake /movit_ws/src/panda_moveit_config -DAMENT_CMAKE_SYMLINK_INSTALL=1 -DCMAKE_INSTALL_PREFIX=/movit_ws/install/panda_moveit_config
[0.139s] -- The C compiler identification is GNU 11.4.0
[0.244s] -- The CXX compiler identification is GNU 11.4.0
[0.257s] -- Detecting C compiler ABI info
[0.373s] -- Detecting C compiler ABI info - done
[0.381s] -- Check for working C compiler: /usr/bin/cc - skipped
[0.381s] -- Detecting C compile features
[0.382s] -- Detecting C compile features - done
[0.386s] -- Detecting CXX compiler ABI info
[0.501s] -- Detecting CXX compiler ABI info - done
[0.510s] -- Check for working CXX compiler: /usr/bin/c++ - skipped
[0.510s] -- Detecting CXX compile features
[0.510s] -- Detecting CXX compile features - done
[0.527s] -- Found ament_cmake: 1.3.12 (/opt/ros/humble/share/ament_cmake/cmake)
[0.712s] -- Found Python3: /usr/bin/python3 (found version "3.10.12") found components: Interpreter 
[0.791s] -- Override CMake install command with custom implementation using symlinks instead of copying resources
[0.983s] -- Configuring done
[0.987s] -- Generating done
[0.988s] -- Build files have been written to: /movit_ws/build/panda_moveit_config
[0.992s] Invoked command in '/movit_ws/build/panda_moveit_config' returned '0': CMAKE_PREFIX_PATH=${CMAKE_PREFIX_PATH}:/root/ws_moveit/install/moveit_configs_utils:/opt/ros/humble /usr/bin/cmake /movit_ws/src/panda_moveit_config -DAMENT_CMAKE_SYMLINK_INSTALL=1 -DCMAKE_INSTALL_PREFIX=/movit_ws/install/panda_moveit_config
[0.994s] Invoking command in '/movit_ws/build/panda_moveit_config': CMAKE_PREFIX_PATH=${CMAKE_PREFIX_PATH}:/root/ws_moveit/install/moveit_configs_utils:/opt/ros/humble /usr/bin/cmake --build /movit_ws/build/panda_moveit_config -- -j20 -l20
[1.048s] Invoked command in '/movit_ws/build/panda_moveit_config' returned '0': CMAKE_PREFIX_PATH=${CMAKE_PREFIX_PATH}:/root/ws_moveit/install/moveit_configs_utils:/opt/ros/humble /usr/bin/cmake --build /movit_ws/build/panda_moveit_config -- -j20 -l20
[1.051s] Invoking command in '/movit_ws/build/panda_moveit_config': CMAKE_PREFIX_PATH=${CMAKE_PREFIX_PATH}:/root/ws_moveit/install/moveit_configs_utils:/opt/ros/humble /usr/bin/cmake --install /movit_ws/build/panda_moveit_config
[1.062s] -- Install configuration: ""
[1.062s] -- Execute custom install script
[1.063s] -- Symlinking: /movit_ws/install/panda_moveit_config/share/ament_index/resource_index/package_run_dependencies/panda_moveit_config
[1.077s] -- Symlinking: /movit_ws/install/panda_moveit_config/share/ament_index/resource_index/parent_prefix_path/panda_moveit_config
[1.091s] -- Symlinking: /movit_ws/install/panda_moveit_config/share/panda_moveit_config/environment/ament_prefix_path.sh
[1.102s] -- Symlinking: /movit_ws/install/panda_moveit_config/share/panda_moveit_config/environment/ament_prefix_path.dsv
[1.112s] -- Symlinking: /movit_ws/install/panda_moveit_config/share/panda_moveit_config/environment/path.sh
[1.123s] -- Symlinking: /movit_ws/install/panda_moveit_config/share/panda_moveit_config/environment/path.dsv
[1.136s] -- Symlinking: /movit_ws/install/panda_moveit_config/share/panda_moveit_config/local_setup.bash
[1.147s] -- Symlinking: /movit_ws/install/panda_moveit_config/share/panda_moveit_config/local_setup.sh
[1.161s] -- Symlinking: /movit_ws/install/panda_moveit_config/share/panda_moveit_config/local_setup.zsh
[1.175s] -- Symlinking: /movit_ws/install/panda_moveit_config/share/panda_moveit_config/local_setup.dsv
[1.187s] -- Symlinking: /movit_ws/install/panda_moveit_config/share/panda_moveit_config/package.dsv
[1.198s] -- Symlinking: /movit_ws/install/panda_moveit_config/share/ament_index/resource_index/packages/panda_moveit_config
[1.210s] -- Symlinking: /movit_ws/install/panda_moveit_config/share/panda_moveit_config/cmake/panda_moveit_configConfig.cmake
[1.222s] -- Symlinking: /movit_ws/install/panda_moveit_config/share/panda_moveit_config/cmake/panda_moveit_configConfig-version.cmake
[1.234s] -- Symlinking: /movit_ws/install/panda_moveit_config/share/panda_moveit_config/package.xml
[1.246s] -- Symlinking: /movit_ws/install/panda_moveit_config/share/panda_moveit_config/launch/demo.launch.py
[1.261s] -- Symlinking: /movit_ws/install/panda_moveit_config/share/panda_moveit_config/launch/move_group.launch.py
[1.275s] -- Symlinking: /movit_ws/install/panda_moveit_config/share/panda_moveit_config/launch/moveit_rviz.launch.py
[1.286s] -- Symlinking: /movit_ws/install/panda_moveit_config/share/panda_moveit_config/launch/rsp.launch.py
[1.298s] -- Symlinking: /movit_ws/install/panda_moveit_config/share/panda_moveit_config/launch/setup_assistant.launch.py
[1.310s] -- Symlinking: /movit_ws/install/panda_moveit_config/share/panda_moveit_config/launch/spawn_controllers.launch.py
[1.323s] -- Symlinking: /movit_ws/install/panda_moveit_config/share/panda_moveit_config/launch/static_virtual_joint_tfs.launch.py
[1.333s] -- Symlinking: /movit_ws/install/panda_moveit_config/share/panda_moveit_config/launch/warehouse_db.launch.py
[1.350s] -- Symlinking: /movit_ws/install/panda_moveit_config/share/panda_moveit_config/config/Franka.ros2_control.xacro
[1.361s] -- Symlinking: /movit_ws/install/panda_moveit_config/share/panda_moveit_config/config/Franka.srdf
[1.372s] -- Symlinking: /movit_ws/install/panda_moveit_config/share/panda_moveit_config/config/Franka.urdf.xacro
[1.387s] -- Symlinking: /movit_ws/install/panda_moveit_config/share/panda_moveit_config/config/initial_positions.yaml
[1.401s] -- Symlinking: /movit_ws/install/panda_moveit_config/share/panda_moveit_config/config/joint_limits.yaml
[1.412s] -- Symlinking: /movit_ws/install/panda_moveit_config/share/panda_moveit_config/config/kinematics.yaml
[1.425s] -- Symlinking: /movit_ws/install/panda_moveit_config/share/panda_moveit_config/config/moveit.rviz
[1.441s] -- Symlinking: /movit_ws/install/panda_moveit_config/share/panda_moveit_config/config/moveit_controllers.yaml
[1.451s] -- Symlinking: /movit_ws/install/panda_moveit_config/share/panda_moveit_config/config/pilz_cartesian_limits.yaml
[1.465s] -- Symlinking: /movit_ws/install/panda_moveit_config/share/panda_moveit_config/config/ros2_controllers.yaml
[1.478s] -- Symlinking: /movit_ws/install/panda_moveit_config/share/panda_moveit_config/config/sensors_3d.yaml
[1.489s] -- Symlinking: /movit_ws/install/panda_moveit_config/share/panda_moveit_config/.setup_assistant
[1.503s] Invoked command in '/movit_ws/build/panda_moveit_config' returned '0': CMAKE_PREFIX_PATH=${CMAKE_PREFIX_PATH}:/root/ws_moveit/install/moveit_configs_utils:/opt/ros/humble /usr/bin/cmake --install /movit_ws/build/panda_moveit_config
